******************************************************************************
                  TI ARM Linker PC v20.2.6                     
******************************************************************************
>> Linked Wed Sep 21 12:00:02 2022

OUTPUT FILE NAME:   <BB_Lab2_ECEN2440.out>
ENTRY POINT SYMBOL: "_c_int00_noargs"  address: 00000a55


MEMORY CONFIGURATION

         name            origin    length      used     unused   attr    fill
----------------------  --------  ---------  --------  --------  ----  --------
  MAIN                  00000000   00200000  00000ac4  001ff53c  R  X
  INFO                  00200000   00008000  00000000  00008000  R  X
  SRAM_CODE             01000000   00040000  00000204  0003fdfc  RW X
  SRAM_DATA             20000000   00040000  00000204  0003fdfc  RW  


SEGMENT ALLOCATION MAP

run origin  load origin   length   init length attrs members
----------  ----------- ---------- ----------- ----- -------
00000000    00000000    00000ac8   00000ac8    r-x
  00000000    00000000    000000e8   000000e8    r-- .intvecs
  000000e8    000000e8    000009c4   000009c4    r-x .text
  00000ab0    00000ab0    00000018   00000018    r-- .cinit
20000000    20000000    00000004   00000000    rw-
  20000000    20000000    00000004   00000000    rw- .data
2003fe00    2003fe00    00000200   00000000    rw-
  2003fe00    2003fe00    00000200   00000000    rw- .stack


SECTION ALLOCATION MAP

 output                                  attributes/
section   page    origin      length       input sections
--------  ----  ----------  ----------   ----------------
.intvecs   0    00000000    000000e8     
                  00000000    000000e8     startup_msp432p4111_ccs.obj (.intvecs:retain)

.text      0    000000e8    000009c4     
                  000000e8    00000350     system_msp432p4111.obj (.text)
                  00000438    00000288     main.obj (.text)
                  000006c0    00000144     handlers.obj (.text)
                  00000804    00000108     gpio.obj (.text)
                  0000090c    0000009c     rtsv7M4_T_le_v4SPD16_eabi.lib : memcpy_t2.asm.obj (.text)
                  000009a8    00000068                                   : copy_decompress_lzss.c.obj (.text:decompress:lzss:__TI_decompress_lzss)
                  00000a10    00000044                                   : autoinit.c.obj (.text:__TI_auto_init_nobinit_nopinit:__TI_auto_init_nobinit_nopinit)
                  00000a54    00000034                                   : boot_cortex_m.c.obj (.text:_c_int00_noargs:_c_int00_noargs)
                  00000a88    0000000e                                   : copy_decompress_none.c.obj (.text:decompress:none:__TI_decompress_none)
                  00000a96    0000000e     startup_msp432p4111_ccs.obj (.text)
                  00000aa4    00000004     rtsv7M4_T_le_v4SPD16_eabi.lib : pre_init.c.obj (.text:_system_pre_init)
                  00000aa8    00000004                                   : exit.c.obj (.text:abort:abort)

.cinit     0    00000ab0    00000018     
                  00000ab0    00000008     (.cinit..data.load) [load image, compression = lzss]
                  00000ab8    00000008     (__TI_handler_table)
                  00000ac0    00000008     (__TI_cinit_table)

.init_array 
*          0    00000000    00000000     UNINITIALIZED

.binit     0    00000000    00000000     

.data      0    20000000    00000004     UNINITIALIZED
                  20000000    00000004     system_msp432p4111.obj (.data)

.stack     0    2003fe00    00000200     UNINITIALIZED
                  2003fe00    00000004     rtsv7M4_T_le_v4SPD16_eabi.lib : boot_cortex_m.c.obj (.stack)
                  2003fe04    000001fc     --HOLE--

__llvm_prf_cnts 
*          0    20000000    00000000     UNINITIALIZED

MODULE SUMMARY

       Module                        code   ro data   rw data
       ------                        ----   -------   -------
    .\
       system_msp432p4111.obj        848    0         8      
       main.obj                      648    0         0      
       handlers.obj                  324    0         0      
       gpio.obj                      264    0         0      
       startup_msp432p4111_ccs.obj   14     232       0      
    +--+-----------------------------+------+---------+---------+
       Total:                        2098   232       8      
                                                             
    C:\ti\ccs1200\ccs\tools\compiler\ti-cgt-arm_20.2.6.LTS\lib\rtsv7M4_T_le_v4SPD16_eabi.lib
       memcpy_t2.asm.obj             156    0         0      
       copy_decompress_lzss.c.obj    104    0         0      
       autoinit.c.obj                68     0         0      
       boot_cortex_m.c.obj           52     0         0      
       copy_decompress_none.c.obj    14     0         0      
       exit.c.obj                    4      0         0      
       pre_init.c.obj                4      0         0      
    +--+-----------------------------+------+---------+---------+
       Total:                        402    0         0      
                                                             
       Stack:                        0      0         1024   
       Linker Generated:             0      24        0      
    +--+-----------------------------+------+---------+---------+
       Grand Total:                  2500   256       1032   


LINKER GENERATED COPY TABLES

__TI_cinit_table @ 00000ac0 records: 1, size/record: 8, table size: 8
	.data: load addr=00000ab0, load size=00000008 bytes, run addr=20000000, run size=00000004 bytes, compression=lzss


LINKER GENERATED HANDLER TABLE

__TI_handler_table @ 00000ab8 records: 2, size/record: 4, table size: 8
	index: 0, handler: __TI_decompress_lzss
	index: 1, handler: __TI_decompress_none


GLOBAL SYMBOLS: SORTED ALPHABETICALLY BY Name 

address   name                          
-------   ----                          
00000aa3  ADC14_IRQHandler              
00000aa3  AES256_IRQHandler             
00000aa3  BusFault_Handler              
00000aa9  C$$EXIT                       
00000aa3  COMP_E0_IRQHandler            
00000aa3  COMP_E1_IRQHandler            
00000aa3  CS_IRQHandler                 
00000aa3  DMA_ERR_IRQHandler            
00000aa3  DMA_INT0_IRQHandler           
00000aa3  DMA_INT1_IRQHandler           
00000aa3  DMA_INT2_IRQHandler           
00000aa3  DMA_INT3_IRQHandler           
00000aa3  DebugMon_Handler              
00000aa3  Default_Handler               
00000aa3  EUSCIA0_IRQHandler            
00000aa3  EUSCIA1_IRQHandler            
00000aa3  EUSCIA2_IRQHandler            
00000aa3  EUSCIA3_IRQHandler            
00000aa3  EUSCIB0_IRQHandler            
00000aa3  EUSCIB1_IRQHandler            
00000aa3  EUSCIB2_IRQHandler            
00000aa3  EUSCIB3_IRQHandler            
00000aa3  FLCTL_A_IRQHandler            
00000aa3  FPU_IRQHandler                
00000aa3  HardFault_Handler             
00000aa3  LCD_F_IRQHandler              
00000aa3  MemManage_Handler             
00000aa3  NMI_Handler                   
00000aa3  PCM_IRQHandler                
000006ed  PORT1_IRQHandler              
000006ed  PORT1_IRQHandler              
0000072f  PORT2_IRQHandler              
0000072f  PORT2_IRQHandler              
00000aa3  PORT3_IRQHandler              
00000aa3  PORT4_IRQHandler              
00000aa3  PORT5_IRQHandler              
00000aa3  PORT6_IRQHandler              
00000aa3  PSS_IRQHandler                
00000aa3  PendSV_Handler                
00000aa3  RTC_C_IRQHandler              
00000a97  Reset_Handler                 
00000aa3  SVC_Handler                   
00000aa3  SysTick_Handler               
20000000  SystemCoreClock               
000000e9  SystemCoreClockUpdate         
00000361  SystemInit                    
00000aa3  T32_INT1_IRQHandler           
00000aa3  T32_INT2_IRQHandler           
00000aa3  T32_INTC_IRQHandler           
00000aa3  TA0_0_IRQHandler              
00000aa3  TA0_N_IRQHandler              
00000aa3  TA1_0_IRQHandler              
00000aa3  TA1_N_IRQHandler              
00000aa3  TA2_0_IRQHandler              
00000aa3  TA2_N_IRQHandler              
00000aa3  TA3_0_IRQHandler              
00000aa3  TA3_N_IRQHandler              
00000aa3  UsageFault_Handler            
4000480c  WDTCTL_SYM                    
00000aa3  WDT_A_IRQHandler              
20040000  __STACK_END                   
00000200  __STACK_SIZE                  
00000ac0  __TI_CINIT_Base               
00000ac8  __TI_CINIT_Limit              
00000ab8  __TI_Handler_Table_Base       
00000ac0  __TI_Handler_Table_Limit      
00000a11  __TI_auto_init_nobinit_nopinit
000009a9  __TI_decompress_lzss          
00000a89  __TI_decompress_none          
ffffffff  __TI_pprof_out_hndl           
ffffffff  __TI_prof_data_size           
ffffffff  __TI_prof_data_start          
00000000  __TI_static_base__            
0000090d  __aeabi_memcpy                
0000090d  __aeabi_memcpy4               
0000090d  __aeabi_memcpy8               
ffffffff  __binit__                     
ffffffff  __c_args__                    
UNDEFED   __mpu_init                    
2003fe00  __stack                       
20000000  __start___llvm_prf_cnts       
20000000  __stop___llvm_prf_cnts        
00000a55  _c_int00_noargs               
UNDEFED   _system_post_cinit            
00000aa5  _system_pre_init              
00000aa9  abort                         
ffffffff  binit                         
00000805  count_down                    
00000000  interruptVectors              
00000499  main                          
0000090d  memcpy                        


GLOBAL SYMBOLS: SORTED BY Symbol Address 

address   name                          
-------   ----                          
00000000  __TI_static_base__            
00000000  interruptVectors              
000000e9  SystemCoreClockUpdate         
00000200  __STACK_SIZE                  
00000361  SystemInit                    
00000499  main                          
000006ed  PORT1_IRQHandler              
000006ed  PORT1_IRQHandler              
0000072f  PORT2_IRQHandler              
0000072f  PORT2_IRQHandler              
00000805  count_down                    
0000090d  __aeabi_memcpy                
0000090d  __aeabi_memcpy4               
0000090d  __aeabi_memcpy8               
0000090d  memcpy                        
000009a9  __TI_decompress_lzss          
00000a11  __TI_auto_init_nobinit_nopinit
00000a55  _c_int00_noargs               
00000a89  __TI_decompress_none          
00000a97  Reset_Handler                 
00000aa3  ADC14_IRQHandler              
00000aa3  AES256_IRQHandler             
00000aa3  BusFault_Handler              
00000aa3  COMP_E0_IRQHandler            
00000aa3  COMP_E1_IRQHandler            
00000aa3  CS_IRQHandler                 
00000aa3  DMA_ERR_IRQHandler            
00000aa3  DMA_INT0_IRQHandler           
00000aa3  DMA_INT1_IRQHandler           
00000aa3  DMA_INT2_IRQHandler           
00000aa3  DMA_INT3_IRQHandler           
00000aa3  DebugMon_Handler              
00000aa3  Default_Handler               
00000aa3  EUSCIA0_IRQHandler            
00000aa3  EUSCIA1_IRQHandler            
00000aa3  EUSCIA2_IRQHandler            
00000aa3  EUSCIA3_IRQHandler            
00000aa3  EUSCIB0_IRQHandler            
00000aa3  EUSCIB1_IRQHandler            
00000aa3  EUSCIB2_IRQHandler            
00000aa3  EUSCIB3_IRQHandler            
00000aa3  FLCTL_A_IRQHandler            
00000aa3  FPU_IRQHandler                
00000aa3  HardFault_Handler             
00000aa3  LCD_F_IRQHandler              
00000aa3  MemManage_Handler             
00000aa3  NMI_Handler                   
00000aa3  PCM_IRQHandler                
00000aa3  PORT3_IRQHandler              
00000aa3  PORT4_IRQHandler              
00000aa3  PORT5_IRQHandler              
00000aa3  PORT6_IRQHandler              
00000aa3  PSS_IRQHandler                
00000aa3  PendSV_Handler                
00000aa3  RTC_C_IRQHandler              
00000aa3  SVC_Handler                   
00000aa3  SysTick_Handler               
00000aa3  T32_INT1_IRQHandler           
00000aa3  T32_INT2_IRQHandler           
00000aa3  T32_INTC_IRQHandler           
00000aa3  TA0_0_IRQHandler              
00000aa3  TA0_N_IRQHandler              
00000aa3  TA1_0_IRQHandler              
00000aa3  TA1_N_IRQHandler              
00000aa3  TA2_0_IRQHandler              
00000aa3  TA2_N_IRQHandler              
00000aa3  TA3_0_IRQHandler              
00000aa3  TA3_N_IRQHandler              
00000aa3  UsageFault_Handler            
00000aa3  WDT_A_IRQHandler              
00000aa5  _system_pre_init              
00000aa9  C$$EXIT                       
00000aa9  abort                         
00000ab8  __TI_Handler_Table_Base       
00000ac0  __TI_CINIT_Base               
00000ac0  __TI_Handler_Table_Limit      
00000ac8  __TI_CINIT_Limit              
20000000  SystemCoreClock               
20000000  __start___llvm_prf_cnts       
20000000  __stop___llvm_prf_cnts        
2003fe00  __stack                       
20040000  __STACK_END                   
4000480c  WDTCTL_SYM                    
ffffffff  __TI_pprof_out_hndl           
ffffffff  __TI_prof_data_size           
ffffffff  __TI_prof_data_start          
ffffffff  __binit__                     
ffffffff  __c_args__                    
ffffffff  binit                         
UNDEFED   __mpu_init                    
UNDEFED   _system_post_cinit            

[91 symbols]
